Microchip MPLAB XC8 Compiler V2.40

Linker command line:

-W-3 \
  --edf=C:\Program Files\Microchip\xc8\v2.40\pic\dat\20220703182018_en.msgs \
  -cn -h+dist/default/production\StopWatch_Code.production.sym \
  --cmf=dist/default/production\StopWatch_Code.production.cmf -z -Q18F4620 \
  -oC:\Users\mezoo\AppData\Local\Temp\xcAs55g.5 --defsym=__MPLAB_BUILD=1 \
  --fixupoverflow=error \
  -Mdist/default/production/StopWatch_Code.production.map \
  --md=C:\Users\mezoo\AppData\Local\Temp\xcAs55g.dat -E1 -ver=XC8 Compiler \
  --acfsm=1493 -ACODE=00h-0FFFFh -ACONST=00h-0FFFFh \
  -ASMALLCONST=01000h-010FFhx240 -AMEDIUMCONST=01000h-0FFFFh \
  -ACOMRAM=01h-07Fh -AABS1=00h-0F7Fh -ABIGRAM=01h-0F7Fh \
  -ARAM=080h-0FFh,0100h-01FFhx14,0F00h-0F7Fh -ABANK0=080h-0FFh \
  -ABANK1=0100h-01FFh -ABANK2=0200h-02FFh -ABANK3=0300h-03FFh \
  -ABANK4=0400h-04FFh -ABANK5=0500h-05FFh -ABANK6=0600h-06FFh \
  -ABANK7=0700h-07FFh -ABANK8=0800h-08FFh -ABANK9=0900h-09FFh \
  -ABANK10=0A00h-0AFFh -ABANK11=0B00h-0BFFh -ABANK12=0C00h-0CFFh \
  -ABANK13=0D00h-0DFFh -ABANK14=0E00h-0EFFh -ABANK15=0F00h-0F7Fh \
  -ASFR=0F80h-0FFFh -ABIGSFR=0F80h-0FFFh -ACONFIG=0300000h-030000Dh \
  -AIDLOC=0200000h-0200007h -AEEDATA=0F00000h-0F003FFh -peeprom_data=EEDATA \
  -preset_vec=00h,intcode=08h,intcodelo,powerup,init -pramtop=01000h \
  -psmallconst=SMALLCONST -pmediumconst=MEDIUMCONST -pconst=CONST \
  -AFARRAM=00h-00h \
  -prdata=COMRAM,nvrram=COMRAM,nvbit=COMRAM,rbss=COMRAM,rbit=COMRAM \
  -pfarbss=FARRAM,fardata=FARRAM,nvFARRAM=FARRAM \
  -pintsave_regs=BIGRAM,bigbss=BIGRAM,bigdata=BIGRAM -pbss=RAM \
  -pidata=CODE,irdata=CODE,ibigdata=CODE,ifardata=CODE -prparam=COMRAM \
  C:\Users\mezoo\AppData\Local\Temp\xcAs55g.o \
  dist/default/production\StopWatch_Code.production.o 

Object code version is 3.11

Machine type is 18F4620



                Name                               Link     Load   Length Selector   Space Scale
C:\Users\mezoo\AppData\Local\Temp\xcAs55g.o
                idloc                            200000   200000        8        0       5
                config                           300000   300000        E        0       4
                init                                  E        E        4        4       0
                reset_vec                             0        0        4        0       0
dist/default/production\StopWatch_Code.production.o
                intcode                               8        8        6        4       0
                idloc                            200000   200000        8        0       5
                config                           300000   300000        E        0       4
                temp                                 5F       5F        1        1       1
                text16                              BE4      BE4       16        4       0
                text15                              BC6      BC6       1E        4       0
                text14                              B0E      B0E       30        4       0
                text13                              ADE      ADE       30        4       0
                intcode_body                        9CC      9CC       56        4       0
                text11                              636      636      128        4       0
                text10                              BA6      BA6       20        4       0
                text9                               B86      B86       20        4       0
                text8                               B66      B66       20        4       0
                text7                               4EC      4EC      14A        4       0
                text6                               36C      36C      180        4       0
                text5                               75E      75E       FA        4       0
                text4                               858      858       C4        4       0
                text3                               91C      91C       B0        4       0
                text2                               A22      A22       46        4       0
                text1                               A68      A68       3C        4       0
                text0                                12       12      35A        4       0
                cstackCOMRAM                         45       45       1A        1       1
                dataCOMRAM                            1        1       28        1       1
                bssCOMRAM                            29       29       1C        1       1
                cinit                               AA4      AA4       3A        4       0
                idataCOMRAM                         B3E      B3E       28        4       0

TOTAL           Name                               Link     Load   Length     Space
        CLASS   CODE           
                intcode                               8        8        6         0
                init                                  E        E        4         0
                reset_vec                             0        0        4         0
                text16                              BE4      BE4       16         0
                text15                              BC6      BC6       1E         0
                text14                              B0E      B0E       30         0
                text13                              ADE      ADE       30         0
                intcode_body                        9CC      9CC       56         0
                text11                              636      636      128         0
                text10                              BA6      BA6       20         0
                text9                               B86      B86       20         0
                text8                               B66      B66       20         0
                text7                               4EC      4EC      14A         0
                text6                               36C      36C      180         0
                text5                               75E      75E       FA         0
                text4                               858      858       C4         0
                text3                               91C      91C       B0         0
                text2                               A22      A22       46         0
                text1                               A68      A68       3C         0
                text0                                12       12      35A         0
                cinit                               AA4      AA4       3A         0
                idataCOMRAM                         B3E      B3E       28         0

        CLASS   CONST          

        CLASS   SMALLCONST     

        CLASS   MEDIUMCONST    

        CLASS   COMRAM         
                temp                                 5F       5F        1         1
                cstackCOMRAM                         45       45       1A         1
                dataCOMRAM                            1        1       28         1
                bssCOMRAM                            29       29       1C         1

        CLASS   ABS1           

        CLASS   BIGRAM         

        CLASS   RAM            

        CLASS   BANK0          

        CLASS   BANK1          

        CLASS   BANK2          

        CLASS   BANK3          

        CLASS   BANK4          

        CLASS   BANK5          

        CLASS   BANK6          

        CLASS   BANK7          

        CLASS   BANK8          

        CLASS   BANK9          

        CLASS   BANK10         

        CLASS   BANK11         

        CLASS   BANK12         

        CLASS   BANK13         

        CLASS   BANK14         

        CLASS   BANK15         

        CLASS   SFR            

        CLASS   BIGSFR         

        CLASS   CONFIG         
                config                           300000   300000        E         4

        CLASS   IDLOC          
                idloc                            200000   200000        8         5

        CLASS   EEDATA         

        CLASS   FARRAM         

        CLASS   HEAP           

        CLASS   STACK          



SEGMENTS        Name                           Load    Length   Top    Selector   Space  Class

                reset_vec                      000000  000004  000004         0       0  CODE    
                dataCOMRAM                     000001  00005F  000060         1       1  COMRAM  
                intcode                        000008  000BF2  000BFA         4       0  CODE    


UNUSED ADDRESS RANGES

        Name                Unused          Largest block    Delta
        BANK0            000080-0000FF               80
        BANK1            000100-0001FF              100
        BANK10           000A00-000AFF              100
        BANK11           000B00-000BFF              100
        BANK12           000C00-000CFF              100
        BANK13           000D00-000DFF              100
        BANK14           000E00-000EFF              100
        BANK15           000F00-000F7F               80
        BANK2            000200-0002FF              100
        BANK3            000300-0003FF              100
        BANK4            000400-0004FF              100
        BANK5            000500-0005FF              100
        BANK6            000600-0006FF              100
        BANK7            000700-0007FF              100
        BANK8            000800-0008FF              100
        BANK9            000900-0009FF              100
        BIGRAM           000060-000F7F              F20
        BIGSFR           000F80-000FFF               80
        CODE             000004-000007                4
                         000BFA-00FFFF             F406
        COMRAM           000060-00007F               20
        CONST            000004-000007                4
                         000BFA-00FFFF             F406
        EEDATA           F00000-F003FF              400
        MEDIUMCONST      001000-00FFFF             F000
        RAM              000080-000F7F              100
        SFR              000F80-000FFF               80
        SMALLCONST       001000-00FFFF              100

                                  Symbol Table

?___awdiv                                 cstackCOMRAM 000047
?___awmod                                 cstackCOMRAM 000047
Edge_Config@object                        cstackCOMRAM 000047
INT0_SetInterruptHandler@InterruptHandler cstackCOMRAM 000047
INT1_SetInterruptHandler@InterruptHandler cstackCOMRAM 000047
INT2_SetInterruptHandler@InterruptHandler cstackCOMRAM 000047
Interrupt_INTx_Enable@object              cstackCOMRAM 00005A
_ContinuePause_ISR                        text15       000BC6
_Edge_Config                              text11       000636
_INT0_ISR                                 text14       000B0E
_INT0_InterruptHandler                    bssCOMRAM    00003D
_INT0_SetInterruptHandler                 text10       000BA6
_INT1_ISR                                 text13       000ADE
_INT1_InterruptHandler                    bssCOMRAM    00003B
_INT1_SetInterruptHandler                 text9        000B86
_INT2_InterruptHandler                    bssCOMRAM    000039
_INT2_SetInterruptHandler                 text8        000B66
_INTCON2bits                              (abs)        000FF1
_INTCON3bits                              (abs)        000FF0
_INTCONbits                               (abs)        000FF2
_InterruptManager                         intcode      000008
_Interrupt_INTx_Enable                    text5        00075E
_LATA                                     (abs)        000F89
_LATB                                     (abs)        000F8A
_LATC                                     (abs)        000F8B
_LATD                                     (abs)        000F8C
_LATE                                     (abs)        000F8D
_PORTA                                    (abs)        000F80
_PORTB                                    (abs)        000F81
_PORTC                                    (abs)        000F82
_PORTD                                    (abs)        000F83
_PORTE                                    (abs)        000F84
_RB4_InterruptHandlerHigh                 bssCOMRAM    000037
_RB4_InterruptHandlerLow                  bssCOMRAM    000035
_RB5_InterruptHandlerHigh                 bssCOMRAM    000033
_RB5_InterruptHandlerLow                  bssCOMRAM    000031
_RB6_InterruptHandlerHigh                 bssCOMRAM    00002F
_RB6_InterruptHandlerLow                  bssCOMRAM    00002D
_RB7_InterruptHandlerHigh                 bssCOMRAM    00002B
_RB7_InterruptHandlerLow                  bssCOMRAM    000029
_StopWatchReset_ISR                       text16       000BE4
_TRISA                                    (abs)        000F92
_TRISB                                    (abs)        000F93
_TRISC                                    (abs)        000F94
_TRISD                                    (abs)        000F95
_TRISE                                    (abs)        000F96
__HRAM                                    (abs)        000000
__Habs1                                   abs1         000000
__Hbank0                                  bank0        000000
__Hbank1                                  bank1        000000
__Hbank10                                 bank10       000000
__Hbank11                                 bank11       000000
__Hbank12                                 bank12       000000
__Hbank13                                 bank13       000000
__Hbank14                                 bank14       000000
__Hbank15                                 bank15       000000
__Hbank2                                  bank2        000000
__Hbank3                                  bank3        000000
__Hbank4                                  bank4        000000
__Hbank5                                  bank5        000000
__Hbank6                                  bank6        000000
__Hbank7                                  bank7        000000
__Hbank8                                  bank8        000000
__Hbank9                                  bank9        000000
__Hbigbss                                 bigbss       000000
__Hbigdata                                bigdata      000000
__Hbigram                                 bigram       000000
__Hbigsfr                                 bigsfr       000000
__Hbss                                    bss          000000
__HbssCOMRAM                              bssCOMRAM    000000
__Hcinit                                  cinit        000000
__Hclrtext                                clrtext      000000
__Hcomram                                 comram       000000
__Hconfig                                 config       30000E
__Hconst                                  const        000000
__HcstackCOMRAM                           cstackCOMRAM 000000
__Hdata                                   data         000000
__HdataCOMRAM                             dataCOMRAM   000000
__Heeprom_data                            eeprom_data  000000
__Hfarbss                                 farbss       000000
__Hfardata                                fardata      000000
__Hheap                                   heap         000000
__Hibigdata                               ibigdata     000000
__Hidata                                  idata        000000
__HidataCOMRAM                            idataCOMRAM  000000
__Hidloc                                  idloc        200008
__Hifardata                               ifardata     000000
__Hinit                                   init         000012
__Hintcode                                intcode      00000E
__Hintcode_body                           intcode_body 000000
__Hintcodelo                              intcodelo    00000E
__Hintentry                               intentry     000000
__Hintret                                 intret       000000
__Hintsave_regs                           intsave_regs 000000
__Hirdata                                 irdata       000000
__Hmediumconst                            mediumconst  000000
__HnvFARRAM                               nvFARRAM     000000
__Hnvbit                                  nvbit        000000
__Hnvrram                                 nvrram       000000
__Hparam                                  rparam       000000
__Hpowerup                                powerup      00000E
__Hram                                    ram          000000
__Hramtop                                 ramtop       001000
__Hrbit                                   rbit         000000
__Hrbss                                   rbss         000000
__Hrdata                                  rdata        000000
__Hreset_vec                              reset_vec    000004
__Hrparam                                 rparam       000000
__Hsfr                                    sfr          000000
__Hsmallconst                             smallconst   000000
__Hspace_0                                (abs)        001000
__Hspace_1                                (abs)        000060
__Hspace_2                                (abs)        000000
__Hspace_4                                (abs)        60000E
__Hstack                                  stack        000000
__Hstruct                                 struct       000000
__Htemp                                   temp         000060
__Htext                                   text         000000
__Htext0                                  text0        000000
__Htext1                                  text1        000000
__Htext10                                 text10       000000
__Htext11                                 text11       000000
__Htext13                                 text13       000000
__Htext14                                 text14       000000
__Htext15                                 text15       000000
__Htext16                                 text16       000000
__Htext17                                 text17       000000
__Htext2                                  text2        000000
__Htext3                                  text3        000000
__Htext4                                  text4        000000
__Htext5                                  text5        000000
__Htext6                                  text6        000000
__Htext7                                  text7        000000
__Htext8                                  text8        000000
__Htext9                                  text9        000000
__LRAM                                    (abs)        000001
__Labs1                                   abs1         000000
__Lbank0                                  bank0        000000
__Lbank1                                  bank1        000000
__Lbank10                                 bank10       000000
__Lbank11                                 bank11       000000
__Lbank12                                 bank12       000000
__Lbank13                                 bank13       000000
__Lbank14                                 bank14       000000
__Lbank15                                 bank15       000000
__Lbank2                                  bank2        000000
__Lbank3                                  bank3        000000
__Lbank4                                  bank4        000000
__Lbank5                                  bank5        000000
__Lbank6                                  bank6        000000
__Lbank7                                  bank7        000000
__Lbank8                                  bank8        000000
__Lbank9                                  bank9        000000
__Lbigbss                                 bigbss       000000
__Lbigdata                                bigdata      000000
__Lbigram                                 bigram       000000
__Lbigsfr                                 bigsfr       000000
__Lbss                                    bss          000000
__LbssCOMRAM                              bssCOMRAM    000000
__Lcinit                                  cinit        000000
__Lclrtext                                clrtext      000000
__Lcomram                                 comram       000000
__Lconfig                                 config       000000
__Lconst                                  const        000000
__LcstackCOMRAM                           cstackCOMRAM 000000
__Ldata                                   data         000000
__LdataCOMRAM                             dataCOMRAM   000000
__Leeprom_data                            eeprom_data  000000
__Lfarbss                                 farbss       000000
__Lfardata                                fardata      000000
__Lheap                                   heap         000000
__Libigdata                               ibigdata     000000
__Lidata                                  idata        000000
__LidataCOMRAM                            idataCOMRAM  000000
__Lidloc                                  idloc        000000
__Lifardata                               ifardata     000000
__Linit                                   init         00000E
__Lintcode                                intcode      000008
__Lintcode_body                           intcode_body 000000
__Lintcodelo                              intcodelo    00000E
__Lintentry                               intentry     000000
__Lintret                                 intret       000000
__Lintsave_regs                           intsave_regs 000000
__Lirdata                                 irdata       000000
__Lmediumconst                            mediumconst  000000
__LnvFARRAM                               nvFARRAM     000000
__Lnvbit                                  nvbit        000000
__Lnvrram                                 nvrram       000000
__Lparam                                  rparam       000000
__Lpowerup                                powerup      00000E
__Lram                                    ram          000000
__Lramtop                                 ramtop       001000
__Lrbit                                   rbit         000000
__Lrbss                                   rbss         000000
__Lrdata                                  rdata        000000
__Lreset_vec                              reset_vec    000000
__Lrparam                                 rparam       000000
__Lsfr                                    sfr          000000
__Lsmallconst                             smallconst   000000
__Lspace_0                                (abs)        000000
__Lspace_1                                (abs)        000000
__Lspace_2                                (abs)        000000
__Lspace_4                                (abs)        000000
__Lstack                                  stack        000000
__Lstruct                                 struct       000000
__Ltemp                                   temp         00005F
__Ltext                                   text         000000
__Ltext0                                  text0        000000
__Ltext1                                  text1        000000
__Ltext10                                 text10       000000
__Ltext11                                 text11       000000
__Ltext13                                 text13       000000
__Ltext14                                 text14       000000
__Ltext15                                 text15       000000
__Ltext16                                 text16       000000
__Ltext17                                 text17       000000
__Ltext2                                  text2        000000
__Ltext3                                  text3        000000
__Ltext4                                  text4        000000
__Ltext5                                  text5        000000
__Ltext6                                  text6        000000
__Ltext7                                  text7        000000
__Ltext8                                  text8        000000
__Ltext9                                  text9        000000
__S0                                      (abs)        000BFA
__S1                                      (abs)        000060
__S4                                      (abs)        000000
__S5                                      (abs)        000000
___awdiv                                  text4        000858
___awdiv@counter                          cstackCOMRAM 00004B
___awdiv@dividend                         cstackCOMRAM 000047
___awdiv@divisor                          cstackCOMRAM 000049
___awdiv@quotient                         cstackCOMRAM 00004D
___awdiv@sign                             cstackCOMRAM 00004C
___awmod                                  text3        00091C
___awmod@counter                          cstackCOMRAM 00004B
___awmod@dividend                         cstackCOMRAM 000047
___awmod@divisor                          cstackCOMRAM 000049
___awmod@sign                             cstackCOMRAM 00004C
___heap_hi                                (abs)        000000
___heap_lo                                (abs)        000000
___inthi_sp                               stack        000000
___intlo_sp                               stack        000000
___param_bank                             (abs)        000000
___rparam_used                            (abs)        000001
___sp                                     stack        000000
__accesstop                               (abs)        000080
__activetblptr                            (abs)        000002
__end_of_ContinuePause_ISR                text15       000BE4
__end_of_Edge_Config                      text11       00075E
__end_of_INT0_ISR                         text14       000B3E
__end_of_INT0_SetInterruptHandler         text10       000BC6
__end_of_INT1_ISR                         text13       000B0E
__end_of_INT1_SetInterruptHandler         text9        000BA6
__end_of_INT2_SetInterruptHandler         text8        000B86
__end_of_InterruptManager                 intcode_body 000A22
__end_of_Interrupt_INTx_Enable            text5        000858
__end_of_StopWatchReset_ISR               text16       000BFA
__end_of___awdiv                          text4        00091C
__end_of___awmod                          text3        0009CC
__end_of__initialization                  cinit        000AD0
__end_of_gpio_pin_init                    text6        0004EC
__end_of_gpio_pin_write_logic             text7        000636
__end_of_gpio_port_init                   text2        000A68
__end_of_gpio_port_write_logic            text1        000AA4
__end_of_main                             text0        00036C
__initialization                          cinit        000AA4
__mediumconst                             mediumconst  000000
__pbssCOMRAM                              bssCOMRAM    000029
__pcinit                                  cinit        000AA4
__pcstackCOMRAM                           cstackCOMRAM 000045
__pdataCOMRAM                             dataCOMRAM   000001
__pidataCOMRAM                            idataCOMRAM  000B3E
__pintcode                                intcode      000008
__pintcode_body                           intcode_body 0009CC
__ptext0                                  text0        000012
__ptext1                                  text1        000A68
__ptext10                                 text10       000BA6
__ptext11                                 text11       000636
__ptext13                                 text13       000ADE
__ptext14                                 text14       000B0E
__ptext15                                 text15       000BC6
__ptext16                                 text16       000BE4
__ptext17                                 text17       000000
__ptext2                                  text2        000A22
__ptext3                                  text3        00091C
__ptext4                                  text4        000858
__ptext5                                  text5        00075E
__ptext6                                  text6        00036C
__ptext7                                  text7        0004EC
__ptext8                                  text8        000B66
__ptext9                                  text9        000B86
__ramtop                                  ramtop       001000
__smallconst                              smallconst   000000
_counter                                  bssCOMRAM    000040
_gpio_pin_init                            text6        00036C
_gpio_pin_write_logic                     text7        0004EC
_gpio_port_init                           text2        000A22
_gpio_port_write_logic                    text1        000A68
_int0_obj                                 dataCOMRAM   000024
_int1_obj                                 dataCOMRAM   00001F
_lat_regs                                 dataCOMRAM   00000B
_main                                     text0        000012
_miniSeconds                              bssCOMRAM    000043
_minutes                                  bssCOMRAM    000041
_port_regs                                dataCOMRAM   000001
_ret                                      bssCOMRAM    000044
_seconds                                  bssCOMRAM    000042
_tris_regs                                dataCOMRAM   000015
_watchFlag                                bssCOMRAM    00003F
btemp                                     temp         00005F
end_of_initialization                     cinit        000AD0
gpio_pin_init@_pin_config                 cstackCOMRAM 000051
gpio_pin_init@ret_value                   cstackCOMRAM 000059
gpio_pin_write_logic@_pin_config          cstackCOMRAM 000047
gpio_pin_write_logic@logic                cstackCOMRAM 000049
gpio_pin_write_logic@ret_value            cstackCOMRAM 000050
gpio_port_init@dir                        cstackCOMRAM 000047
gpio_port_init@port                       cstackCOMRAM 00004B
gpio_port_init@ret_value                  cstackCOMRAM 00004A
gpio_port_write_logic@logic               cstackCOMRAM 00004F
gpio_port_write_logic@port                cstackCOMRAM 000052
int$flags                                 temp         00005F
int_func                                  intcode_body 0009CC
intlevel0                                 text         000000
intlevel1                                 text         000000
intlevel2                                 text         000000
intlevel3                                 text         000000
isa$std                                   (abs)        000001
isa$xinst                                 (abs)        000000
stackhi                                   (abs)        000000
stacklo                                   (abs)        000000
start                                     init         00000E
start_initialization                      cinit        000AA4
ttemp5                                    temp         000060
ttemp6                                    temp         000063
ttemp7                                    temp         000067
wtemp8                                    temp         000060


MODULE INFORMATION

Module		Function		Class		Link	Load	Size
C:\Program Files\Microchip\xc8\v2.40\pic\sources\c99\common\awdiv.c
		___awdiv       		CODE           	0858	0000	196

C:\Program Files\Microchip\xc8\v2.40\pic\sources\c99\common\awdiv.c estimated size: 196

MCAL_Layer/INTERRUPT/mcal_interrupt_manager.c
		_InterruptManager		CODE           	0008	0000	92

MCAL_Layer/INTERRUPT/mcal_interrupt_manager.c estimated size: 92

MCAL_Layer/INTERRUPT/mcal_external_interrupt.c
		_INT0_SetInterruptHandler		CODE           	0BA6	0000	32
		_INT1_SetInterruptHandler		CODE           	0B86	0000	32
		_Interrupt_INTx_Enable		CODE           	075E	0000	250
		_INT2_SetInterruptHandler		CODE           	0B66	0000	32
		_INT0_ISR      		CODE           	0B0E	0000	48
		_Edge_Config   		CODE           	0636	0000	296
		_INT1_ISR      		CODE           	0ADE	0000	48

MCAL_Layer/INTERRUPT/mcal_external_interrupt.c estimated size: 738

shared
		__initialization		CODE           	0AA4	0000	44

shared estimated size: 44

appliction.c
		_ContinuePause_ISR		CODE           	0BC6	0000	30
		_main          		CODE           	0012	0000	858
		_StopWatchReset_ISR		CODE           	0BE4	0000	22

appliction.c estimated size: 910

C:\Program Files\Microchip\xc8\v2.40\pic\sources\c99\common\awmod.c
		___awmod       		CODE           	091C	0000	176

C:\Program Files\Microchip\xc8\v2.40\pic\sources\c99\common\awmod.c estimated size: 176

MCAL_Layer/GPIO_Module/hal_gpio.c
		_gpio_port_init		CODE           	0A22	0000	70
		_gpio_pin_write_logic		CODE           	04EC	0000	330
		_gpio_pin_init 		CODE           	036C	0000	384
		_gpio_port_write_logic		CODE           	0A68	0000	60

MCAL_Layer/GPIO_Module/hal_gpio.c estimated size: 844

